# Build failed at 2026-10-10T22:29:05Z on 7522259078fb9e18c923f9807bd048497c959338
/home/runner/work/Horror-Mod/Horror-Mod/src/main/java/com/wolfsmask/occupant/test/OccupantGameTests.java:957: error: Nullable is not a repeatable annotation interface
/home/runner/work/Horror-Mod/Horror-Mod/src/main/java/com/wolfsmask/occupant/test/ArenaGameTests.java:107: warning: [removal] makeMockServerPlayerInLevel() in GameTestHelper has been deprecated and marked for removal
/home/runner/work/Horror-Mod/Horror-Mod/src/main/java/com/wolfsmask/occupant/test/OccupantGameTests.java:65: warning: [removal] makeMockServerPlayerInLevel() in GameTestHelper has been deprecated and marked for removal
/home/runner/work/Horror-Mod/Horror-Mod/src/main/java/com/wolfsmask/occupant/test/OccupantGameTests.java:96: warning: [removal] makeMockServerPlayerInLevel() in GameTestHelper has been deprecated and marked for removal
/home/runner/work/Horror-Mod/Horror-Mod/src/main/java/com/wolfsmask/occupant/test/OccupantGameTests.java:157: warning: [removal] makeMockServerPlayerInLevel() in GameTestHelper has been deprecated and marked for removal
/home/runner/work/Horror-Mod/Horror-Mod/src/main/java/com/wolfsmask/occupant/test/OccupantGameTests.java:183: warning: [removal] makeMockServerPlayerInLevel() in GameTestHelper has been deprecated and marked for removal
/home/runner/work/Horror-Mod/Horror-Mod/src/main/java/com/wolfsmask/occupant/test/OccupantGameTests.java:246: warning: [removal] makeMockServerPlayerInLevel() in GameTestHelper has been deprecated and marked for removal
/home/runner/work/Horror-Mod/Horror-Mod/src/main/java/com/wolfsmask/occupant/test/OccupantGameTests.java:340: warning: [removal] makeMockServerPlayerInLevel() in GameTestHelper has been deprecated and marked for removal
/home/runner/work/Horror-Mod/Horror-Mod/src/main/java/com/wolfsmask/occupant/test/OccupantGameTests.java:374: warning: [removal] makeMockServerPlayerInLevel() in GameTestHelper has been deprecated and marked for removal
/home/runner/work/Horror-Mod/Horror-Mod/src/main/java/com/wolfsmask/occupant/test/OccupantGameTests.java:418: warning: [removal] makeMockServerPlayerInLevel() in GameTestHelper has been deprecated and marked for removal
/home/runner/work/Horror-Mod/Horror-Mod/src/main/java/com/wolfsmask/occupant/test/OccupantGameTests.java:449: warning: [removal] makeMockServerPlayerInLevel() in GameTestHelper has been deprecated and marked for removal
/home/runner/work/Horror-Mod/Horror-Mod/src/main/java/com/wolfsmask/occupant/test/OccupantGameTests.java:554: warning: [removal] makeMockServerPlayerInLevel() in GameTestHelper has been deprecated and marked for removal
/home/runner/work/Horror-Mod/Horror-Mod/src/main/java/com/wolfsmask/occupant/test/OccupantGameTests.java:599: warning: [removal] makeMockServerPlayerInLevel() in GameTestHelper has been deprecated and marked for removal
/home/runner/work/Horror-Mod/Horror-Mod/src/main/java/com/wolfsmask/occupant/test/OccupantGameTests.java:632: warning: [removal] makeMockServerPlayerInLevel() in GameTestHelper has been deprecated and marked for removal
/home/runner/work/Horror-Mod/Horror-Mod/src/main/java/com/wolfsmask/occupant/test/OccupantGameTests.java:661: warning: [removal] makeMockServerPlayerInLevel() in GameTestHelper has been deprecated and marked for removal
/home/runner/work/Horror-Mod/Horror-Mod/src/main/java/com/wolfsmask/occupant/test/OccupantGameTests.java:687: warning: [removal] makeMockServerPlayerInLevel() in GameTestHelper has been deprecated and marked for removal
/home/runner/work/Horror-Mod/Horror-Mod/src/main/java/com/wolfsmask/occupant/test/OccupantGameTests.java:704: warning: [removal] makeMockServerPlayerInLevel() in GameTestHelper has been deprecated and marked for removal
/home/runner/work/Horror-Mod/Horror-Mod/src/main/java/com/wolfsmask/occupant/test/OccupantGameTests.java:705: warning: [removal] makeMockServerPlayerInLevel() in GameTestHelper has been deprecated and marked for removal
/home/runner/work/Horror-Mod/Horror-Mod/src/main/java/com/wolfsmask/occupant/test/OccupantGameTests.java:728: warning: [removal] makeMockServerPlayerInLevel() in GameTestHelper has been deprecated and marked for removal
/home/runner/work/Horror-Mod/Horror-Mod/src/main/java/com/wolfsmask/occupant/test/OccupantGameTests.java:729: warning: [removal] makeMockServerPlayerInLevel() in GameTestHelper has been deprecated and marked for removal
/home/runner/work/Horror-Mod/Horror-Mod/src/main/java/com/wolfsmask/occupant/test/OccupantGameTests.java:780: warning: [removal] makeMockServerPlayerInLevel() in GameTestHelper has been deprecated and marked for removal
/home/runner/work/Horror-Mod/Horror-Mod/src/main/java/com/wolfsmask/occupant/test/OccupantGameTests.java:781: warning: [removal] makeMockServerPlayerInLevel() in GameTestHelper has been deprecated and marked for removal
/home/runner/work/Horror-Mod/Horror-Mod/src/main/java/com/wolfsmask/occupant/test/OccupantGameTests.java:818: warning: [removal] makeMockServerPlayerInLevel() in GameTestHelper has been deprecated and marked for removal
/home/runner/work/Horror-Mod/Horror-Mod/src/main/java/com/wolfsmask/occupant/test/OccupantGameTests.java:861: warning: [removal] makeMockServerPlayerInLevel() in GameTestHelper has been deprecated and marked for removal
/home/runner/work/Horror-Mod/Horror-Mod/src/main/java/com/wolfsmask/occupant/test/OccupantGameTests.java:895: warning: [removal] makeMockServerPlayerInLevel() in GameTestHelper has been deprecated and marked for removal
/home/runner/work/Horror-Mod/Horror-Mod/src/main/java/com/wolfsmask/occupant/test/OccupantGameTests.java:1021: warning: [removal] makeMockServerPlayerInLevel() in GameTestHelper has been deprecated and marked for removal
/home/runner/work/Horror-Mod/Horror-Mod/src/main/java/com/wolfsmask/occupant/test/OccupantGameTests.java:1047: warning: [removal] makeMockServerPlayerInLevel() in GameTestHelper has been deprecated and marked for removal
/home/runner/work/Horror-Mod/Horror-Mod/src/main/java/com/wolfsmask/occupant/test/OccupantGameTests.java:1111: warning: [removal] makeMockServerPlayerInLevel() in GameTestHelper has been deprecated and marked for removal
/home/runner/work/Horror-Mod/Horror-Mod/src/main/java/com/wolfsmask/occupant/test/OccupantGameTests.java:1254: warning: [removal] makeMockServerPlayerInLevel() in GameTestHelper has been deprecated and marked for removal
  /home/runner/work/Horror-Mod/Horror-Mod/src/main/java/com/wolfsmask/occupant/test/OccupantGameTests.java:957: error: Nullable is not a repeatable annotation interface
  /home/runner/work/Horror-Mod/Horror-Mod/src/main/java/com/wolfsmask/occupant/test/ArenaGameTests.java:107: warning: [removal] makeMockServerPlayerInLevel() in GameTestHelper has been deprecated and marked for removal
  /home/runner/work/Horror-Mod/Horror-Mod/src/main/java/com/wolfsmask/occupant/test/OccupantGameTests.java:65: warning: [removal] makeMockServerPlayerInLevel() in GameTestHelper has been deprecated and marked for removal
  /home/runner/work/Horror-Mod/Horror-Mod/src/main/java/com/wolfsmask/occupant/test/OccupantGameTests.java:96: warning: [removal] makeMockServerPlayerInLevel() in GameTestHelper has been deprecated and marked for removal
  /home/runner/work/Horror-Mod/Horror-Mod/src/main/java/com/wolfsmask/occupant/test/OccupantGameTests.java:157: warning: [removal] makeMockServerPlayerInLevel() in GameTestHelper has been deprecated and marked for removal
  /home/runner/work/Horror-Mod/Horror-Mod/src/main/java/com/wolfsmask/occupant/test/OccupantGameTests.java:183: warning: [removal] makeMockServerPlayerInLevel() in GameTestHelper has been deprecated and marked for removal
  /home/runner/work/Horror-Mod/Horror-Mod/src/main/java/com/wolfsmask/occupant/test/OccupantGameTests.java:246: warning: [removal] makeMockServerPlayerInLevel() in GameTestHelper has been deprecated and marked for removal
  /home/runner/work/Horror-Mod/Horror-Mod/src/main/java/com/wolfsmask/occupant/test/OccupantGameTests.java:340: warning: [removal] makeMockServerPlayerInLevel() in GameTestHelper has been deprecated and marked for removal
  /home/runner/work/Horror-Mod/Horror-Mod/src/main/java/com/wolfsmask/occupant/test/OccupantGameTests.java:374: warning: [removal] makeMockServerPlayerInLevel() in GameTestHelper has been deprecated and marked for removal
  /home/runner/work/Horror-Mod/Horror-Mod/src/main/java/com/wolfsmask/occupant/test/OccupantGameTests.java:418: warning: [removal] makeMockServerPlayerInLevel() in GameTestHelper has been deprecated and marked for removal
  /home/runner/work/Horror-Mod/Horror-Mod/src/main/java/com/wolfsmask/occupant/test/OccupantGameTests.java:449: warning: [removal] makeMockServerPlayerInLevel() in GameTestHelper has been deprecated and marked for removal
  /home/runner/work/Horror-Mod/Horror-Mod/src/main/java/com/wolfsmask/occupant/test/OccupantGameTests.java:554: warning: [removal] makeMockServerPlayerInLevel() in GameTestHelper has been deprecated and marked for removal
  /home/runner/work/Horror-Mod/Horror-Mod/src/main/java/com/wolfsmask/occupant/test/OccupantGameTests.java:599: warning: [removal] makeMockServerPlayerInLevel() in GameTestHelper has been deprecated and marked for removal
  /home/runner/work/Horror-Mod/Horror-Mod/src/main/java/com/wolfsmask/occupant/test/OccupantGameTests.java:632: warning: [removal] makeMockServerPlayerInLevel() in GameTestHelper has been deprecated and marked for removal
  /home/runner/work/Horror-Mod/Horror-Mod/src/main/java/com/wolfsmask/occupant/test/OccupantGameTests.java:661: warning: [removal] makeMockServerPlayerInLevel() in GameTestHelper has been deprecated and marked for removal
  /home/runner/work/Horror-Mod/Horror-Mod/src/main/java/com/wolfsmask/occupant/test/OccupantGameTests.java:687: warning: [removal] makeMockServerPlayerInLevel() in GameTestHelper has been deprecated and marked for removal
  /home/runner/work/Horror-Mod/Horror-Mod/src/main/java/com/wolfsmask/occupant/test/OccupantGameTests.java:704: warning: [removal] makeMockServerPlayerInLevel() in GameTestHelper has been deprecated and marked for removal
  /home/runner/work/Horror-Mod/Horror-Mod/src/main/java/com/wolfsmask/occupant/test/OccupantGameTests.java:705: warning: [removal] makeMockServerPlayerInLevel() in GameTestHelper has been deprecated and marked for removal
  /home/runner/work/Horror-Mod/Horror-Mod/src/main/java/com/wolfsmask/occupant/test/OccupantGameTests.java:728: warning: [removal] makeMockServerPlayerInLevel() in GameTestHelper has been deprecated and marked for removal
  /home/runner/work/Horror-Mod/Horror-Mod/src/main/java/com/wolfsmask/occupant/test/OccupantGameTests.java:729: warning: [removal] makeMockServerPlayerInLevel() in GameTestHelper has been deprecated and marked for removal
  /home/runner/work/Horror-Mod/Horror-Mod/src/main/java/com/wolfsmask/occupant/test/OccupantGameTests.java:780: warning: [removal] makeMockServerPlayerInLevel() in GameTestHelper has been deprecated and marked for removal
  /home/runner/work/Horror-Mod/Horror-Mod/src/main/java/com/wolfsmask/occupant/test/OccupantGameTests.java:781: warning: [removal] makeMockServerPlayerInLevel() in GameTestHelper has been deprecated and marked for removal
  /home/runner/work/Horror-Mod/Horror-Mod/src/main/java/com/wolfsmask/occupant/test/OccupantGameTests.java:818: warning: [removal] makeMockServerPlayerInLevel() in GameTestHelper has been deprecated and marked for removal
  /home/runner/work/Horror-Mod/Horror-Mod/src/main/java/com/wolfsmask/occupant/test/OccupantGameTests.java:861: warning: [removal] makeMockServerPlayerInLevel() in GameTestHelper has been deprecated and marked for removal
  /home/runner/work/Horror-Mod/Horror-Mod/src/main/java/com/wolfsmask/occupant/test/OccupantGameTests.java:895: warning: [removal] makeMockServerPlayerInLevel() in GameTestHelper has been deprecated and marked for removal
  /home/runner/work/Horror-Mod/Horror-Mod/src/main/java/com/wolfsmask/occupant/test/OccupantGameTests.java:1021: warning: [removal] makeMockServerPlayerInLevel() in GameTestHelper has been deprecated and marked for removal
  /home/runner/work/Horror-Mod/Horror-Mod/src/main/java/com/wolfsmask/occupant/test/OccupantGameTests.java:1047: warning: [removal] makeMockServerPlayerInLevel() in GameTestHelper has been deprecated and marked for removal
  /home/runner/work/Horror-Mod/Horror-Mod/src/main/java/com/wolfsmask/occupant/test/OccupantGameTests.java:1111: warning: [removal] makeMockServerPlayerInLevel() in GameTestHelper has been deprecated and marked for removal
  /home/runner/work/Horror-Mod/Horror-Mod/src/main/java/com/wolfsmask/occupant/test/OccupantGameTests.java:1254: warning: [removal] makeMockServerPlayerInLevel() in GameTestHelper has been deprecated and marked for removal
--- tail ---
  		                       ^
  /home/runner/work/Horror-Mod/Horror-Mod/src/main/java/com/wolfsmask/occupant/test/OccupantGameTests.java:729: warning: [removal] makeMockServerPlayerInLevel() in GameTestHelper has been deprecated and marked for removal
  		ServerPlayer b = helper.makeMockServerPlayerInLevel();
  		                       ^
  /home/runner/work/Horror-Mod/Horror-Mod/src/main/java/com/wolfsmask/occupant/test/OccupantGameTests.java:780: warning: [removal] makeMockServerPlayerInLevel() in GameTestHelper has been deprecated and marked for removal
  		ServerPlayer player = helper.makeMockServerPlayerInLevel();
  		                            ^
  /home/runner/work/Horror-Mod/Horror-Mod/src/main/java/com/wolfsmask/occupant/test/OccupantGameTests.java:781: warning: [removal] makeMockServerPlayerInLevel() in GameTestHelper has been deprecated and marked for removal
  		ServerPlayer other = helper.makeMockServerPlayerInLevel();
  		                           ^
  /home/runner/work/Horror-Mod/Horror-Mod/src/main/java/com/wolfsmask/occupant/test/OccupantGameTests.java:818: warning: [removal] makeMockServerPlayerInLevel() in GameTestHelper has been deprecated and marked for removal
  		ServerPlayer player = helper.makeMockServerPlayerInLevel();
  		                            ^
  /home/runner/work/Horror-Mod/Horror-Mod/src/main/java/com/wolfsmask/occupant/test/OccupantGameTests.java:861: warning: [removal] makeMockServerPlayerInLevel() in GameTestHelper has been deprecated and marked for removal
  		ServerPlayer player = helper.makeMockServerPlayerInLevel();
  		                            ^
  /home/runner/work/Horror-Mod/Horror-Mod/src/main/java/com/wolfsmask/occupant/test/OccupantGameTests.java:895: warning: [removal] makeMockServerPlayerInLevel() in GameTestHelper has been deprecated and marked for removal
  		ServerPlayer player = helper.makeMockServerPlayerInLevel();
  		                            ^
  /home/runner/work/Horror-Mod/Horror-Mod/src/main/java/com/wolfsmask/occupant/test/OccupantGameTests.java:1021: warning: [removal] makeMockServerPlayerInLevel() in GameTestHelper has been deprecated and marked for removal
  		ServerPlayer player = helper.makeMockServerPlayerInLevel();
  		                            ^
  /home/runner/work/Horror-Mod/Horror-Mod/src/main/java/com/wolfsmask/occupant/test/OccupantGameTests.java:1047: warning: [removal] makeMockServerPlayerInLevel() in GameTestHelper has been deprecated and marked for removal
  		ServerPlayer player = helper.makeMockServerPlayerInLevel();
  		                            ^
  /home/runner/work/Horror-Mod/Horror-Mod/src/main/java/com/wolfsmask/occupant/test/OccupantGameTests.java:1111: warning: [removal] makeMockServerPlayerInLevel() in GameTestHelper has been deprecated and marked for removal
  		ServerPlayer player = helper.makeMockServerPlayerInLevel();
  		                            ^
  /home/runner/work/Horror-Mod/Horror-Mod/src/main/java/com/wolfsmask/occupant/test/OccupantGameTests.java:1254: warning: [removal] makeMockServerPlayerInLevel() in GameTestHelper has been deprecated and marked for removal
  		ServerPlayer player = helper.makeMockServerPlayerInLevel();
  		                            ^
  1 error
  28 warnings

* Try:
> Check your code and dependencies to fix the compilation error(s)
> Run with --scan to get full insights from a Build Scan (powered by Develocity).

BUILD FAILED in 10s
1 actionable task: 1 executed
